2024-05-27 13:54:46,212 INFO o.a.j.u.JMeterUtils: Setting Locale to en_US
2024-05-27 13:54:46,262 INFO o.a.j.JMeter: Loading user properties from: user.properties
2024-05-27 13:54:46,282 INFO o.a.j.JMeter: Loading system properties from: system.properties
2024-05-27 13:54:46,303 INFO o.a.j.JMeter: Copyright (c) 1998-2021 The Apache Software Foundation
2024-05-27 13:54:46,303 INFO o.a.j.JMeter: Version 5.4.1
2024-05-27 13:54:46,303 INFO o.a.j.JMeter: java.version=1.8.0_372
2024-05-27 13:54:46,303 INFO o.a.j.JMeter: java.vm.name=OpenJDK 64-Bit Server VM
2024-05-27 13:54:46,303 INFO o.a.j.JMeter: os.name=Windows 11
2024-05-27 13:54:46,303 INFO o.a.j.JMeter: os.arch=amd64
2024-05-27 13:54:46,303 INFO o.a.j.JMeter: os.version=10.0
2024-05-27 13:54:46,303 INFO o.a.j.JMeter: file.encoding=Cp1252
2024-05-27 13:54:46,304 INFO o.a.j.JMeter: java.awt.headless=null
2024-05-27 13:54:46,304 INFO o.a.j.JMeter: Max memory     =3749183488
2024-05-27 13:54:46,304 INFO o.a.j.JMeter: Available Processors =4
2024-05-27 13:54:46,311 INFO o.a.j.JMeter: Default Locale=English (United States)
2024-05-27 13:54:46,312 INFO o.a.j.JMeter: JMeter  Locale=English (United States)
2024-05-27 13:54:46,312 INFO o.a.j.JMeter: JMeterHome=D:\Performance_Tools\JMETER\apache-jmeter-5.4.1\apache-jmeter-5.4.1
2024-05-27 13:54:46,312 INFO o.a.j.JMeter: user.dir  =D:\Performance_Tools\JMETER\apache-jmeter-5.4.1\apache-jmeter-5.4.1\bin
2024-05-27 13:54:46,313 INFO o.a.j.JMeter: PWD       =D:\Performance_Tools\JMETER\apache-jmeter-5.4.1\apache-jmeter-5.4.1\bin
2024-05-27 13:54:46,331 INFO o.a.j.JMeter: IP: 192.168.1.11 Name: DESKTOP-MEONEEL FullName: 192.168.1.11
2024-05-27 13:54:46,645 INFO o.a.j.JMeter: Setting LAF to: com.github.weisj.darklaf.DarkLaf:com.github.weisj.darklaf.theme.SolarizedLightTheme
2024-05-27 13:54:47,594 INFO o.a.j.JMeter: Loaded icon properties from org/apache/jmeter/images/icon.properties
2024-05-27 13:54:49,268 WARN o.j.r.PluginManager: Found JAR conflict: D:\Performance_Tools\JMETER\apache-jmeter-5.4.1\apache-jmeter-5.4.1\lib\jmeter-plugins-cmn-jmeter-0.7.jar and D:\Performance_Tools\JMETER\apache-jmeter-5.4.1\apache-jmeter-5.4.1\lib\jmeter-plugins-cmn-jmeter-0.6.jar
2024-05-27 13:54:49,269 WARN o.j.r.PluginManager: Found JAR conflict: D:\Performance_Tools\JMETER\apache-jmeter-5.4.1\apache-jmeter-5.4.1\lib\ext\jmeter-plugins-manager-1.7.jar and D:\Performance_Tools\JMETER\apache-jmeter-5.4.1\apache-jmeter-5.4.1\lib\ext\jmeter-plugins-manager-1.6.jar
2024-05-27 13:54:49,988 INFO o.j.r.JARSourceHTTP: Requesting https://jmeter-plugins.org/repo/?installID=windows_11-b27706fe63607d2f7102d51af4d09e06-gui
2024-05-27 13:54:53,977 INFO o.j.r.PluginManager: Plugins Status: [jpgc-graphs-basic=2.0, jpgc-casutg=2.10, jpgc-perfmon=2.1, jpgc-plugins-manager=1.6, jmeter-core=5.4.1, jmeter-ftp=5.4.1, jmeter-http=5.4.1, jmeter-jdbc=5.4.1, jmeter-jms=5.4.1, jmeter-junit=5.4.1, jmeter-java=5.4.1, jmeter-ldap=5.4.1, jmeter-mail=5.4.1, jmeter-mongodb=5.4.1, jmeter-native=5.4.1, jmeter-tcp=5.4.1, jmeter-components=5.4.1]
2024-05-27 13:54:53,978 INFO o.j.r.PluginManagerMenuItem: Plugins Manager has upgrades: [jpgc-plugins-manager]
2024-05-27 14:38:17,946 INFO o.a.j.s.FileServer: Default base='D:\Performance_Tools\JMETER\apache-jmeter-5.4.1\apache-jmeter-5.4.1\bin'
2024-05-27 14:38:17,950 INFO o.a.j.g.a.Load: Loading file: D:\Performance_Tools\JMETER\apache-jmeter-5.4.1\apache-jmeter-5.4.1\bin\PetstoreShop.jmx
2024-05-27 14:38:17,950 INFO o.a.j.s.FileServer: Set new base='D:\Performance_Tools\JMETER\apache-jmeter-5.4.1\apache-jmeter-5.4.1\bin'
2024-05-27 14:38:18,087 INFO o.a.j.s.SaveService: Testplan (JMX) version: 2.2. Testlog (JTL) version: 2.2
2024-05-27 14:38:18,105 INFO o.a.j.s.SaveService: Using SaveService properties file encoding UTF-8
2024-05-27 14:38:18,106 INFO o.a.j.s.SaveService: Using SaveService properties version 5.0
2024-05-27 14:38:18,108 INFO o.a.j.s.SaveService: Loading file: D:\Performance_Tools\JMETER\apache-jmeter-5.4.1\apache-jmeter-5.4.1\bin\PetstoreShop.jmx
2024-05-27 14:38:18,278 INFO o.a.j.p.h.c.CookieManager: Settings: Delete null: true Check: true Allow variable: true Save: false Prefix: COOKIE_
2024-05-27 14:38:18,284 INFO o.a.j.p.h.s.HTTPSamplerBase: Parser for text/html is org.apache.jmeter.protocol.http.parser.LagartoBasedHtmlParser
2024-05-27 14:38:18,284 INFO o.a.j.p.h.s.HTTPSamplerBase: Parser for application/xhtml+xml is org.apache.jmeter.protocol.http.parser.LagartoBasedHtmlParser
2024-05-27 14:38:18,285 INFO o.a.j.p.h.s.HTTPSamplerBase: Parser for application/xml is org.apache.jmeter.protocol.http.parser.LagartoBasedHtmlParser
2024-05-27 14:38:18,285 INFO o.a.j.p.h.s.HTTPSamplerBase: Parser for text/xml is org.apache.jmeter.protocol.http.parser.LagartoBasedHtmlParser
2024-05-27 14:38:18,285 INFO o.a.j.p.h.s.HTTPSamplerBase: Parser for text/vnd.wap.wml is org.apache.jmeter.protocol.http.parser.RegexpHTMLParser
2024-05-27 14:38:18,285 INFO o.a.j.p.h.s.HTTPSamplerBase: Parser for text/css is org.apache.jmeter.protocol.http.parser.CssParser
2024-05-27 14:38:18,670 INFO o.a.j.s.SampleResult: Note: Sample TimeStamps are START times
2024-05-27 14:38:18,671 INFO o.a.j.s.SampleResult: sampleresult.default.encoding is set to ISO-8859-1
2024-05-27 14:38:18,671 INFO o.a.j.s.SampleResult: sampleresult.useNanoTime=true
2024-05-27 14:38:18,671 INFO o.a.j.s.SampleResult: sampleresult.nanoThreadSleep=5000
2024-05-27 14:38:18,922 INFO o.a.j.s.FileServer: Set new base='D:\Performance_Tools\JMETER\apache-jmeter-5.4.1\apache-jmeter-5.4.1\bin'
2024-05-27 14:38:29,505 INFO o.a.j.g.a.Load: Loading file: D:\Performance_Tools\JMETER\apache-jmeter-5.5\apache-jmeter-5.5\bin\PostgresPercona.jmx
2024-05-27 14:38:29,506 INFO o.a.j.s.FileServer: Set new base='D:\Performance_Tools\JMETER\apache-jmeter-5.5\apache-jmeter-5.5\bin'
2024-05-27 14:38:29,506 INFO o.a.j.s.SaveService: Loading file: D:\Performance_Tools\JMETER\apache-jmeter-5.5\apache-jmeter-5.5\bin\PostgresPercona.jmx
2024-05-27 14:38:29,823 INFO o.a.j.s.FileServer: Set new base='D:\Performance_Tools\JMETER\apache-jmeter-5.5\apache-jmeter-5.5\bin'
